// Vitest Snapshot v1, https://vitest.dev/guide/snapshot.html

exports[`SignInComponent > should have a snapshot 1`] = `
VueWrapper {
  "__app": {
    "_component": {
      "name": "VTU_ROOT",
      "render": [Function],
      "setup": [Function],
    },
    "_container": <div
      data-v-app=""
    >
      <div
        class="container"
        data-v-768bad0c=""
      >
        <div
          class="container--inner"
          data-v-768bad0c=""
        >
          <form.component-stub
            buttonaction="[Function]"
            buttonlabel="SignIn"
            data-v-768bad0c=""
            formgroupcollection="[object Object]"
            header="E-Bookler"
            subheader="Start monetizing your writting time!"
          />
          <divider.component-stub
            data-v-768bad0c=""
            height="0.05rem"
            width="100%"
          />
          <linkcomponent
            content="Forgot your account data? Recover here!"
            data-v-768bad0c=""
          />
          <linkcomponent
            content="Forgot your account data? Recover here!"
            data-v-768bad0c=""
          />
        </div>
      </div>
    </div>,
    "_context": {
      "app": [Circular],
      "components": {
        "transition": {
          "name": "transition",
        },
        "transition-group": {
          "name": "transition-group",
        },
      },
      "config": {
        "compilerOptions": {},
        "errorHandler": undefined,
        "globalProperties": {},
        "isNativeTag": [Function],
        "optionMergeStrategies": {},
        "performance": false,
        "warnHandler": undefined,
      },
      "directives": {},
      "emitsCache": WeakMap {},
      "mixins": [
        {
          "beforeCreate": [Function],
        },
      ],
      "optionsCache": WeakMap {},
      "propsCache": WeakMap {},
      "provides": {},
      "reload": [Function],
    },
    "_instance": {
      "a": null,
      "accessCache": {},
      "appContext": {
        "app": [Circular],
        "components": {
          "transition": {
            "name": "transition",
          },
          "transition-group": {
            "name": "transition-group",
          },
        },
        "config": {
          "compilerOptions": {},
          "errorHandler": undefined,
          "globalProperties": {},
          "isNativeTag": [Function],
          "optionMergeStrategies": {},
          "performance": false,
          "warnHandler": undefined,
        },
        "directives": {},
        "emitsCache": WeakMap {},
        "mixins": [
          {
            "beforeCreate": [Function],
          },
        ],
        "optionsCache": WeakMap {},
        "propsCache": WeakMap {},
        "provides": {},
        "reload": [Function],
      },
      "asyncDep": null,
      "asyncResolved": false,
      "attrs": {},
      "attrsProxy": null,
      "bc": null,
      "bm": null,
      "bu": null,
      "bum": null,
      "c": null,
      "components": null,
      "ctx": {
        "VTU_COMPONENT": {},
      },
      "da": null,
      "data": {},
      "devtoolsRawSetupState": {
        "VTU_COMPONENT": RefImpl {
          "__v_isRef": true,
          "__v_isShallow": false,
          "_rawValue": {},
          "_value": {},
          "dep": undefined,
        },
      },
      "directives": null,
      "ec": null,
      "effect": ReactiveEffect {
        "active": true,
        "allowRecurse": true,
        "deps": [
          Set {
            [Circular],
          },
          Set {
            [Circular],
          },
          Set {
            [Circular],
          },
        ],
        "fn": [Function],
        "onTrack": undefined,
        "onTrigger": undefined,
        "parent": undefined,
        "scheduler": [Function],
      },
      "emit": [Function],
      "emitsOptions": null,
      "emitted": null,
      "exposeProxy": null,
      "exposed": null,
      "inheritAttrs": undefined,
      "isDeactivated": false,
      "isMounted": true,
      "isUnmounted": false,
      "m": null,
      "next": null,
      "parent": null,
      "props": {},
      "propsDefaults": {},
      "propsOptions": [
        {},
        [],
      ],
      "provides": {},
      "proxy": {
        "VTU_COMPONENT": {},
      },
      "refs": {
        "VTU_COMPONENT": {},
      },
      "render": [Function],
      "renderCache": [],
      "root": [Circular],
      "rtc": null,
      "rtg": null,
      "scope": EffectScope {
        "_active": true,
        "cleanups": [],
        "detached": true,
        "effects": [
          ReactiveEffect {
            "active": true,
            "allowRecurse": true,
            "deps": [
              Set {
                [Circular],
              },
              Set {
                [Circular],
              },
              Set {
                [Circular],
              },
            ],
            "fn": [Function],
            "onTrack": undefined,
            "onTrigger": undefined,
            "parent": undefined,
            "scheduler": [Function],
          },
        ],
        "parent": undefined,
      },
      "setupContext": null,
      "setupState": {
        "VTU_COMPONENT": {},
      },
      "slots": {},
      "slotsProxy": null,
      "sp": null,
      "subTree": {
        "__v_isVNode": true,
        "__v_skip": true,
        "anchor": null,
        "appContext": null,
        "children": null,
        "component": {
          "a": null,
          "accessCache": {},
          "appContext": {
            "app": [Circular],
            "components": {
              "transition": {
                "name": "transition",
              },
              "transition-group": {
                "name": "transition-group",
              },
            },
            "config": {
              "compilerOptions": {},
              "errorHandler": undefined,
              "globalProperties": {},
              "isNativeTag": [Function],
              "optionMergeStrategies": {},
              "performance": false,
              "warnHandler": undefined,
            },
            "directives": {},
            "emitsCache": WeakMap {},
            "mixins": [
              {
                "beforeCreate": [Function],
              },
            ],
            "optionsCache": WeakMap {},
            "propsCache": WeakMap {},
            "provides": {},
            "reload": [Function],
          },
          "asyncDep": null,
          "asyncResolved": false,
          "attrs": {},
          "attrsProxy": null,
          "bc": null,
          "bm": null,
          "bu": null,
          "bum": null,
          "c": null,
          "components": {},
          "ctx": {},
          "da": null,
          "data": {},
          "devtoolsRawSetupState": {
            "DividerComponent": {
              "__file": "/Users/diogo.oliveira/Documents/@development/@meisi-thesis/application/frontend/src/components/atoms/divider/divider.component.vue",
              "__name": "divider.component",
              "props": {
                "height": {
                  "required": true,
                  "type": [Function],
                },
                "width": {
                  "required": true,
                  "type": [Function],
                },
              },
              "render": [Function],
              "setup": [Function],
            },
            "FormComponent": {
              "__file": "/Users/diogo.oliveira/Documents/@development/@meisi-thesis/application/frontend/src/components/organisms/form/form.component.vue",
              "__name": "form.component",
              "__scopeId": "data-v-849e6ba5",
              "props": {
                "buttonAction": {
                  "required": true,
                  "type": [Function],
                },
                "buttonLabel": {
                  "required": true,
                  "type": [Function],
                },
                "formGroupCollection": {
                  "required": true,
                  "type": [Function],
                },
                "header": {
                  "required": true,
                  "type": [Function],
                },
                "subHeader": {
                  "required": true,
                  "type": [Function],
                },
              },
              "render": [Function],
              "setup": [Function],
            },
            "formGroupCollection": [
              {
                "formFieldCollection": [
                  {
                    "placeholder": "Bookler Key...",
                    "type": "password",
                  },
                ],
                "name": "Account Information",
              },
            ],
          },
          "directives": null,
          "ec": null,
          "effect": ReactiveEffect {
            "active": true,
            "allowRecurse": true,
            "deps": [],
            "fn": [Function],
            "onTrack": undefined,
            "onTrigger": undefined,
            "parent": undefined,
            "scheduler": [Function],
          },
          "emit": [Function],
          "emitsOptions": null,
          "emitted": null,
          "exposeProxy": {},
          "exposed": {},
          "inheritAttrs": undefined,
          "isDeactivated": false,
          "isMounted": true,
          "isUnmounted": false,
          "m": null,
          "next": null,
          "parent": [Circular],
          "props": {},
          "propsDefaults": {},
          "propsOptions": [
            {},
            [],
          ],
          "provides": {},
          "proxy": {},
          "refs": {},
          "render": [Function],
          "renderCache": [],
          "root": [Circular],
          "rtc": null,
          "rtg": null,
          "scope": EffectScope {
            "_active": true,
            "cleanups": [],
            "detached": true,
            "effects": [
              ReactiveEffect {
                "active": true,
                "allowRecurse": true,
                "deps": [],
                "fn": [Function],
                "onTrack": undefined,
                "onTrigger": undefined,
                "parent": undefined,
                "scheduler": [Function],
              },
            ],
            "parent": undefined,
          },
          "setupContext": {
            "attrs": {},
            "emit": [Function],
            "expose": [Function],
            "slots": {},
          },
          "setupState": {
            "DividerComponent": {
              "__file": "/Users/diogo.oliveira/Documents/@development/@meisi-thesis/application/frontend/src/components/atoms/divider/divider.component.vue",
              "__name": "divider.component",
              "props": {
                "height": {
                  "required": true,
                  "type": [Function],
                },
                "width": {
                  "required": true,
                  "type": [Function],
                },
              },
              "render": [Function],
              "setup": [Function],
            },
            "FormComponent": {
              "__file": "/Users/diogo.oliveira/Documents/@development/@meisi-thesis/application/frontend/src/components/organisms/form/form.component.vue",
              "__name": "form.component",
              "__scopeId": "data-v-849e6ba5",
              "props": {
                "buttonAction": {
                  "required": true,
                  "type": [Function],
                },
                "buttonLabel": {
                  "required": true,
                  "type": [Function],
                },
                "formGroupCollection": {
                  "required": true,
                  "type": [Function],
                },
                "header": {
                  "required": true,
                  "type": [Function],
                },
                "subHeader": {
                  "required": true,
                  "type": [Function],
                },
              },
              "render": [Function],
              "setup": [Function],
            },
            "formGroupCollection": [
              {
                "formFieldCollection": [
                  {
                    "placeholder": "Bookler Key...",
                    "type": "password",
                  },
                ],
                "name": "Account Information",
              },
            ],
          },
          "slots": {},
          "slotsProxy": {},
          "sp": null,
          "subTree": {
            "__v_isVNode": true,
            "__v_skip": true,
            "anchor": null,
            "appContext": null,
            "children": [
              {
                "__v_isVNode": true,
                "__v_skip": true,
                "anchor": null,
                "appContext": null,
                "children": [
                  {
                    "__v_isVNode": true,
                    "__v_skip": true,
                    "anchor": null,
                    "appContext": null,
                    "children": null,
                    "component": {
                      "a": null,
                      "accessCache": {},
                      "appContext": {
                        "app": [Circular],
                        "components": {
                          "transition": {
                            "name": "transition",
                          },
                          "transition-group": {
                            "name": "transition-group",
                          },
                        },
                        "config": {
                          "compilerOptions": {},
                          "errorHandler": undefined,
                          "globalProperties": {},
                          "isNativeTag": [Function],
                          "optionMergeStrategies": {},
                          "performance": false,
                          "warnHandler": undefined,
                        },
                        "directives": {},
                        "emitsCache": WeakMap {},
                        "mixins": [
                          {
                            "beforeCreate": [Function],
                          },
                        ],
                        "optionsCache": WeakMap {},
                        "propsCache": WeakMap {},
                        "provides": {},
                        "reload": [Function],
                      },
                      "asyncDep": null,
                      "asyncResolved": false,
                      "attrs": {},
                      "attrsProxy": null,
                      "bc": null,
                      "bm": null,
                      "bu": null,
                      "bum": null,
                      "c": null,
                      "components": null,
                      "ctx": {
                        "buttonAction": [Function],
                        "buttonLabel": "SignIn",
                        "formGroupCollection": [
                          {
                            "formFieldCollection": [
                              {
                                "placeholder": "Bookler Key...",
                                "type": "password",
                              },
                            ],
                            "name": "Account Information",
                          },
                        ],
                        "header": "E-Bookler",
                        "subHeader": "Start monetizing your writting time!",
                      },
                      "da": null,
                      "data": {},
                      "directives": null,
                      "ec": null,
                      "effect": ReactiveEffect {
                        "active": true,
                        "allowRecurse": true,
                        "deps": [
                          Set {
                            [Circular],
                          },
                          Set {
                            [Circular],
                          },
                          Set {
                            [Circular],
                          },
                          Set {
                            [Circular],
                          },
                          Set {
                            [Circular],
                          },
                          Set {
                            [Circular],
                          },
                        ],
                        "fn": [Function],
                        "onTrack": undefined,
                        "onTrigger": undefined,
                        "parent": undefined,
                        "scheduler": [Function],
                      },
                      "emit": [Function],
                      "emitsOptions": null,
                      "emitted": null,
                      "exposeProxy": null,
                      "exposed": null,
                      "inheritAttrs": undefined,
                      "isDeactivated": false,
                      "isMounted": true,
                      "isUnmounted": false,
                      "m": null,
                      "next": null,
                      "parent": [Circular],
                      "props": {
                        "buttonAction": [Function],
                        "buttonLabel": "SignIn",
                        "formGroupCollection": [
                          {
                            "formFieldCollection": [
                              {
                                "placeholder": "Bookler Key...",
                                "type": "password",
                              },
                            ],
                            "name": "Account Information",
                          },
                        ],
                        "header": "E-Bookler",
                        "subHeader": "Start monetizing your writting time!",
                      },
                      "propsDefaults": {},
                      "propsOptions": [
                        {
                          "buttonAction": {
                            "0": false,
                            "1": true,
                            "required": true,
                            "type": [Function],
                          },
                          "buttonLabel": {
                            "0": false,
                            "1": true,
                            "required": true,
                            "type": [Function],
                          },
                          "formGroupCollection": {
                            "0": false,
                            "1": true,
                            "required": true,
                            "type": [Function],
                          },
                          "header": {
                            "0": false,
                            "1": true,
                            "required": true,
                            "type": [Function],
                          },
                          "subHeader": {
                            "0": false,
                            "1": true,
                            "required": true,
                            "type": [Function],
                          },
                        },
                        [],
                      ],
                      "provides": {},
                      "proxy": {
                        "buttonAction": [Function],
                        "buttonLabel": "SignIn",
                        "formGroupCollection": [
                          {
                            "formFieldCollection": [
                              {
                                "placeholder": "Bookler Key...",
                                "type": "password",
                              },
                            ],
                            "name": "Account Information",
                          },
                        ],
                        "header": "E-Bookler",
                        "subHeader": "Start monetizing your writting time!",
                      },
                      "refs": {},
                      "render": [Function],
                      "renderCache": [],
                      "root": [Circular],
                      "rtc": null,
                      "rtg": null,
                      "scope": EffectScope {
                        "_active": true,
                        "cleanups": [],
                        "detached": true,
                        "effects": [
                          ReactiveEffect {
                            "active": true,
                            "allowRecurse": true,
                            "deps": [
                              Set {
                                [Circular],
                              },
                              Set {
                                [Circular],
                              },
                              Set {
                                [Circular],
                              },
                              Set {
                                [Circular],
                              },
                              Set {
                                [Circular],
                              },
                              Set {
                                [Circular],
                              },
                            ],
                            "fn": [Function],
                            "onTrack": undefined,
                            "onTrigger": undefined,
                            "parent": undefined,
                            "scheduler": [Function],
                          },
                        ],
                        "parent": undefined,
                      },
                      "setupContext": {
                        "attrs": {},
                        "emit": [Function],
                        "expose": [Function],
                        "slots": {},
                      },
                      "setupState": {},
                      "slots": {},
                      "slotsProxy": {},
                      "sp": null,
                      "subTree": {
                        "__v_isVNode": true,
                        "__v_skip": true,
                        "anchor": null,
                        "appContext": null,
                        "children": null,
                        "component": null,
                        "ctx": [Circular],
                        "dirs": null,
                        "dynamicChildren": null,
                        "dynamicProps": null,
                        "el": <form.component-stub
                          buttonaction="[Function]"
                          buttonlabel="SignIn"
                          data-v-768bad0c=""
                          formgroupcollection="[object Object]"
                          header="E-Bookler"
                          subheader="Start monetizing your writting time!"
                        />,
                        "key": null,
                        "patchFlag": 0,
                        "props": {
                          "buttonAction": "[Function]",
                          "buttonLabel": "SignIn",
                          "formGroupCollection": [
                            {
                              "formFieldCollection": [
                                {
                                  "placeholder": "Bookler Key...",
                                  "type": "password",
                                },
                              ],
                              "name": "Account Information",
                            },
                          ],
                          "header": "E-Bookler",
                          "subHeader": "Start monetizing your writting time!",
                        },
                        "ref": null,
                        "scopeId": null,
                        "shapeFlag": 1,
                        "slotScopeIds": null,
                        "ssContent": null,
                        "ssFallback": null,
                        "staticCount": 0,
                        "suspense": null,
                        "target": null,
                        "targetAnchor": null,
                        "transition": null,
                        "type": "form.component-stub",
                      },
                      "suspense": null,
                      "suspenseId": 0,
                      "type": {
                        "model": undefined,
                        "name": "form.component",
                        "props": {
                          "buttonAction": {
                            "required": true,
                            "type": [Function],
                          },
                          "buttonLabel": {
                            "required": true,
                            "type": [Function],
                          },
                          "formGroupCollection": {
                            "required": true,
                            "type": [Function],
                          },
                          "header": {
                            "required": true,
                            "type": [Function],
                          },
                          "subHeader": {
                            "required": true,
                            "type": [Function],
                          },
                        },
                        "setup": [Function],
                      },
                      "u": null,
                      "uid": 6,
                      "um": null,
                      "update": [Function],
                      "vnode": [Circular],
                      "withProxy": null,
                    },
                    "ctx": [Circular],
                    "dirs": null,
                    "dynamicChildren": null,
                    "dynamicProps": [
                      "form-group-collection",
                    ],
                    "el": <form.component-stub
                      buttonaction="[Function]"
                      buttonlabel="SignIn"
                      data-v-768bad0c=""
                      formgroupcollection="[object Object]"
                      header="E-Bookler"
                      subheader="Start monetizing your writting time!"
                    />,
                    "key": null,
                    "patchFlag": 8,
                    "props": {
                      "button-action": [Function],
                      "button-label": "SignIn",
                      "form-group-collection": [
                        {
                          "formFieldCollection": [
                            {
                              "placeholder": "Bookler Key...",
                              "type": "password",
                            },
                          ],
                          "name": "Account Information",
                        },
                      ],
                      "header": "E-Bookler",
                      "sub-header": "Start monetizing your writting time!",
                    },
                    "ref": null,
                    "scopeId": "data-v-768bad0c",
                    "shapeFlag": 4,
                    "slotScopeIds": null,
                    "ssContent": null,
                    "ssFallback": null,
                    "staticCount": 0,
                    "suspense": null,
                    "target": null,
                    "targetAnchor": null,
                    "transition": null,
                    "type": {
                      "model": undefined,
                      "name": "form.component",
                      "props": {
                        "buttonAction": {
                          "required": true,
                          "type": [Function],
                        },
                        "buttonLabel": {
                          "required": true,
                          "type": [Function],
                        },
                        "formGroupCollection": {
                          "required": true,
                          "type": [Function],
                        },
                        "header": {
                          "required": true,
                          "type": [Function],
                        },
                        "subHeader": {
                          "required": true,
                          "type": [Function],
                        },
                      },
                      "setup": [Function],
                    },
                  },
                  {
                    "__v_isVNode": true,
                    "__v_skip": true,
                    "anchor": null,
                    "appContext": null,
                    "children": null,
                    "component": {
                      "a": null,
                      "accessCache": {},
                      "appContext": {
                        "app": [Circular],
                        "components": {
                          "transition": {
                            "name": "transition",
                          },
                          "transition-group": {
                            "name": "transition-group",
                          },
                        },
                        "config": {
                          "compilerOptions": {},
                          "errorHandler": undefined,
                          "globalProperties": {},
                          "isNativeTag": [Function],
                          "optionMergeStrategies": {},
                          "performance": false,
                          "warnHandler": undefined,
                        },
                        "directives": {},
                        "emitsCache": WeakMap {},
                        "mixins": [
                          {
                            "beforeCreate": [Function],
                          },
                        ],
                        "optionsCache": WeakMap {},
                        "propsCache": WeakMap {},
                        "provides": {},
                        "reload": [Function],
                      },
                      "asyncDep": null,
                      "asyncResolved": false,
                      "attrs": {},
                      "attrsProxy": null,
                      "bc": null,
                      "bm": null,
                      "bu": null,
                      "bum": null,
                      "c": null,
                      "components": null,
                      "ctx": {
                        "height": "0.05rem",
                        "width": "100%",
                      },
                      "da": null,
                      "data": {},
                      "directives": null,
                      "ec": null,
                      "effect": ReactiveEffect {
                        "active": true,
                        "allowRecurse": true,
                        "deps": [
                          Set {
                            [Circular],
                          },
                          Set {
                            [Circular],
                          },
                          Set {
                            [Circular],
                          },
                        ],
                        "fn": [Function],
                        "onTrack": undefined,
                        "onTrigger": undefined,
                        "parent": undefined,
                        "scheduler": [Function],
                      },
                      "emit": [Function],
                      "emitsOptions": null,
                      "emitted": null,
                      "exposeProxy": null,
                      "exposed": null,
                      "inheritAttrs": undefined,
                      "isDeactivated": false,
                      "isMounted": true,
                      "isUnmounted": false,
                      "m": null,
                      "next": null,
                      "parent": [Circular],
                      "props": {
                        "height": "0.05rem",
                        "width": "100%",
                      },
                      "propsDefaults": {},
                      "propsOptions": [
                        {
                          "height": {
                            "0": false,
                            "1": true,
                            "required": true,
                            "type": [Function],
                          },
                          "width": {
                            "0": false,
                            "1": true,
                            "required": true,
                            "type": [Function],
                          },
                        },
                        [],
                      ],
                      "provides": {},
                      "proxy": {
                        "height": "0.05rem",
                        "width": "100%",
                      },
                      "refs": {},
                      "render": [Function],
                      "renderCache": [],
                      "root": [Circular],
                      "rtc": null,
                      "rtg": null,
                      "scope": EffectScope {
                        "_active": true,
                        "cleanups": [],
                        "detached": true,
                        "effects": [
                          ReactiveEffect {
                            "active": true,
                            "allowRecurse": true,
                            "deps": [
                              Set {
                                [Circular],
                              },
                              Set {
                                [Circular],
                              },
                              Set {
                                [Circular],
                              },
                            ],
                            "fn": [Function],
                            "onTrack": undefined,
                            "onTrigger": undefined,
                            "parent": undefined,
                            "scheduler": [Function],
                          },
                        ],
                        "parent": undefined,
                      },
                      "setupContext": {
                        "attrs": {},
                        "emit": [Function],
                        "expose": [Function],
                        "slots": {},
                      },
                      "setupState": {},
                      "slots": {},
                      "slotsProxy": {},
                      "sp": null,
                      "subTree": {
                        "__v_isVNode": true,
                        "__v_skip": true,
                        "anchor": null,
                        "appContext": null,
                        "children": null,
                        "component": null,
                        "ctx": [Circular],
                        "dirs": null,
                        "dynamicChildren": null,
                        "dynamicProps": null,
                        "el": <divider.component-stub
                          data-v-768bad0c=""
                          height="0.05rem"
                          width="100%"
                        />,
                        "key": null,
                        "patchFlag": 0,
                        "props": {
                          "height": "0.05rem",
                          "width": "100%",
                        },
                        "ref": null,
                        "scopeId": null,
                        "shapeFlag": 1,
                        "slotScopeIds": null,
                        "ssContent": null,
                        "ssFallback": null,
                        "staticCount": 0,
                        "suspense": null,
                        "target": null,
                        "targetAnchor": null,
                        "transition": null,
                        "type": "divider.component-stub",
                      },
                      "suspense": null,
                      "suspenseId": 0,
                      "type": {
                        "model": undefined,
                        "name": "divider.component",
                        "props": {
                          "height": {
                            "required": true,
                            "type": [Function],
                          },
                          "width": {
                            "required": true,
                            "type": [Function],
                          },
                        },
                        "setup": [Function],
                      },
                      "u": null,
                      "uid": 7,
                      "um": null,
                      "update": [Function],
                      "vnode": [Circular],
                      "withProxy": null,
                    },
                    "ctx": [Circular],
                    "dirs": null,
                    "dynamicChildren": null,
                    "dynamicProps": null,
                    "el": <divider.component-stub
                      data-v-768bad0c=""
                      height="0.05rem"
                      width="100%"
                    />,
                    "key": null,
                    "patchFlag": 0,
                    "props": {
                      "height": "0.05rem",
                      "width": "100%",
                    },
                    "ref": null,
                    "scopeId": "data-v-768bad0c",
                    "shapeFlag": 4,
                    "slotScopeIds": null,
                    "ssContent": null,
                    "ssFallback": null,
                    "staticCount": 0,
                    "suspense": null,
                    "target": null,
                    "targetAnchor": null,
                    "transition": null,
                    "type": {
                      "model": undefined,
                      "name": "divider.component",
                      "props": {
                        "height": {
                          "required": true,
                          "type": [Function],
                        },
                        "width": {
                          "required": true,
                          "type": [Function],
                        },
                      },
                      "setup": [Function],
                    },
                  },
                  {
                    "__v_isVNode": true,
                    "__v_skip": true,
                    "anchor": null,
                    "appContext": null,
                    "children": null,
                    "component": null,
                    "ctx": [Circular],
                    "dirs": null,
                    "dynamicChildren": null,
                    "dynamicProps": null,
                    "el": <linkcomponent
                      content="Forgot your account data? Recover here!"
                      data-v-768bad0c=""
                    />,
                    "key": null,
                    "patchFlag": 0,
                    "props": {
                      "content": "Forgot your account data? Recover here!",
                    },
                    "ref": null,
                    "scopeId": "data-v-768bad0c",
                    "shapeFlag": 1,
                    "slotScopeIds": null,
                    "ssContent": null,
                    "ssFallback": null,
                    "staticCount": 0,
                    "suspense": null,
                    "target": null,
                    "targetAnchor": null,
                    "transition": null,
                    "type": "LinkComponent",
                  },
                  {
                    "__v_isVNode": true,
                    "__v_skip": true,
                    "anchor": null,
                    "appContext": null,
                    "children": null,
                    "component": null,
                    "ctx": [Circular],
                    "dirs": null,
                    "dynamicChildren": null,
                    "dynamicProps": null,
                    "el": <linkcomponent
                      content="Forgot your account data? Recover here!"
                      data-v-768bad0c=""
                    />,
                    "key": null,
                    "patchFlag": 0,
                    "props": {
                      "content": "Forgot your account data? Recover here!",
                    },
                    "ref": null,
                    "scopeId": "data-v-768bad0c",
                    "shapeFlag": 1,
                    "slotScopeIds": null,
                    "ssContent": null,
                    "ssFallback": null,
                    "staticCount": 0,
                    "suspense": null,
                    "target": null,
                    "targetAnchor": null,
                    "transition": null,
                    "type": "LinkComponent",
                  },
                ],
                "component": null,
                "ctx": [Circular],
                "dirs": null,
                "dynamicChildren": null,
                "dynamicProps": null,
                "el": <div
                  class="container--inner"
                  data-v-768bad0c=""
                >
                  <form.component-stub
                    buttonaction="[Function]"
                    buttonlabel="SignIn"
                    data-v-768bad0c=""
                    formgroupcollection="[object Object]"
                    header="E-Bookler"
                    subheader="Start monetizing your writting time!"
                  />
                  <divider.component-stub
                    data-v-768bad0c=""
                    height="0.05rem"
                    width="100%"
                  />
                  <linkcomponent
                    content="Forgot your account data? Recover here!"
                    data-v-768bad0c=""
                  />
                  <linkcomponent
                    content="Forgot your account data? Recover here!"
                    data-v-768bad0c=""
                  />
                </div>,
                "key": null,
                "patchFlag": 0,
                "props": {
                  "class": "container--inner",
                },
                "ref": null,
                "scopeId": "data-v-768bad0c",
                "shapeFlag": 17,
                "slotScopeIds": null,
                "ssContent": null,
                "ssFallback": null,
                "staticCount": 0,
                "suspense": null,
                "target": null,
                "targetAnchor": null,
                "transition": null,
                "type": "div",
              },
            ],
            "component": null,
            "ctx": [Circular],
            "dirs": null,
            "dynamicChildren": [
              {
                "__v_isVNode": true,
                "__v_skip": true,
                "anchor": null,
                "appContext": null,
                "children": null,
                "component": {
                  "a": null,
                  "accessCache": {
                    "@@__IMMUTABLE_ITERABLE__@@": 0,
                    "@@__IMMUTABLE_RECORD__@@": 0,
                    "_isMockFunction": 0,
                    "buttonAction": 3,
                    "buttonLabel": 3,
                    "constructor": 0,
                    "formGroupCollection": 3,
                    "header": 3,
                    "subHeader": 3,
                    "toJSON": 0,
                    Symbol(Symbol.toStringTag): 0,
                  },
                  "appContext": {
                    "app": [Circular],
                    "components": {
                      "transition": {
                        "name": "transition",
                      },
                      "transition-group": {
                        "name": "transition-group",
                      },
                    },
                    "config": {
                      "compilerOptions": {},
                      "errorHandler": undefined,
                      "globalProperties": {},
                      "isNativeTag": [Function],
                      "optionMergeStrategies": {},
                      "performance": false,
                      "warnHandler": undefined,
                    },
                    "directives": {},
                    "emitsCache": WeakMap {},
                    "mixins": [
                      {
                        "beforeCreate": [Function],
                      },
                    ],
                    "optionsCache": WeakMap {},
                    "propsCache": WeakMap {},
                    "provides": {},
                    "reload": [Function],
                  },
                  "asyncDep": null,
                  "asyncResolved": false,
                  "attrs": {},
                  "attrsProxy": {},
                  "bc": null,
                  "bm": null,
                  "bu": null,
                  "bum": null,
                  "c": null,
                  "components": null,
                  "ctx": {
                    "buttonAction": [Function],
                    "buttonLabel": "SignIn",
                    "formGroupCollection": [
                      {
                        "formFieldCollection": [
                          {
                            "placeholder": "Bookler Key...",
                            "type": "password",
                          },
                        ],
                        "name": "Account Information",
                      },
                    ],
                    "header": "E-Bookler",
                    "subHeader": "Start monetizing your writting time!",
                  },
                  "da": null,
                  "data": {},
                  "directives": null,
                  "ec": null,
                  "effect": ReactiveEffect {
                    "active": true,
                    "allowRecurse": true,
                    "deps": [
                      Set {
                        [Circular],
                      },
                      Set {
                        [Circular],
                      },
                      Set {
                        [Circular],
                      },
                      Set {
                        [Circular],
                      },
                      Set {
                        [Circular],
                      },
                      Set {
                        [Circular],
                      },
                    ],
                    "fn": [Function],
                    "onTrack": undefined,
                    "onTrigger": undefined,
                    "parent": undefined,
                    "scheduler": [Function],
                  },
                  "emit": [Function],
                  "emitsOptions": null,
                  "emitted": null,
                  "exposeProxy": null,
                  "exposed": null,
                  "inheritAttrs": undefined,
                  "isDeactivated": false,
                  "isMounted": true,
                  "isUnmounted": false,
                  "m": null,
                  "next": null,
                  "parent": [Circular],
                  "props": {
                    "buttonAction": [Function],
                    "buttonLabel": "SignIn",
                    "formGroupCollection": [
                      {
                        "formFieldCollection": [
                          {
                            "placeholder": "Bookler Key...",
                            "type": "password",
                          },
                        ],
                        "name": "Account Information",
                      },
                    ],
                    "header": "E-Bookler",
                    "subHeader": "Start monetizing your writting time!",
                  },
                  "propsDefaults": {},
                  "propsOptions": [
                    {
                      "buttonAction": {
                        "0": false,
                        "1": true,
                        "required": true,
                        "type": [Function],
                      },
                      "buttonLabel": {
                        "0": false,
                        "1": true,
                        "required": true,
                        "type": [Function],
                      },
                      "formGroupCollection": {
                        "0": false,
                        "1": true,
                        "required": true,
                        "type": [Function],
                      },
                      "header": {
                        "0": false,
                        "1": true,
                        "required": true,
                        "type": [Function],
                      },
                      "subHeader": {
                        "0": false,
                        "1": true,
                        "required": true,
                        "type": [Function],
                      },
                    },
                    [],
                  ],
                  "provides": {},
                  "proxy": {
                    "buttonAction": [Function],
                    "buttonLabel": "SignIn",
                    "formGroupCollection": [
                      {
                        "formFieldCollection": [
                          {
                            "placeholder": "Bookler Key...",
                            "type": "password",
                          },
                        ],
                        "name": "Account Information",
                      },
                    ],
                    "header": "E-Bookler",
                    "subHeader": "Start monetizing your writting time!",
                  },
                  "refs": {},
                  "render": [Function],
                  "renderCache": [],
                  "root": [Circular],
                  "rtc": null,
                  "rtg": null,
                  "scope": EffectScope {
                    "_active": true,
                    "cleanups": [],
                    "detached": true,
                    "effects": [
                      ReactiveEffect {
                        "active": true,
                        "allowRecurse": true,
                        "deps": [
                          Set {
                            [Circular],
                          },
                          Set {
                            [Circular],
                          },
                          Set {
                            [Circular],
                          },
                          Set {
                            [Circular],
                          },
                          Set {
                            [Circular],
                          },
                          Set {
                            [Circular],
                          },
                        ],
                        "fn": [Function],
                        "onTrack": undefined,
                        "onTrigger": undefined,
                        "parent": undefined,
                        "scheduler": [Function],
                      },
                    ],
                    "parent": undefined,
                  },
                  "setupContext": {
                    "attrs": {},
                    "emit": [Function],
                    "expose": [Function],
                    "slots": {},
                  },
                  "setupState": {},
                  "slots": {},
                  "slotsProxy": {},
                  "sp": null,
                  "subTree": {
                    "__v_isVNode": true,
                    "__v_skip": true,
                    "anchor": null,
                    "appContext": null,
                    "children": null,
                    "component": null,
                    "ctx": [Circular],
                    "dirs": null,
                    "dynamicChildren": null,
                    "dynamicProps": null,
                    "el": <form.component-stub
                      buttonaction="[Function]"
                      buttonlabel="SignIn"
                      data-v-768bad0c=""
                      formgroupcollection="[object Object]"
                      header="E-Bookler"
                      subheader="Start monetizing your writting time!"
                    />,
                    "key": null,
                    "patchFlag": 0,
                    "props": {
                      "buttonAction": "[Function]",
                      "buttonLabel": "SignIn",
                      "formGroupCollection": [
                        {
                          "formFieldCollection": [
                            {
                              "placeholder": "Bookler Key...",
                              "type": "password",
                            },
                          ],
                          "name": "Account Information",
                        },
                      ],
                      "header": "E-Bookler",
                      "subHeader": "Start monetizing your writting time!",
                    },
                    "ref": null,
                    "scopeId": null,
                    "shapeFlag": 1,
                    "slotScopeIds": null,
                    "ssContent": null,
                    "ssFallback": null,
                    "staticCount": 0,
                    "suspense": null,
                    "target": null,
                    "targetAnchor": null,
                    "transition": null,
                    "type": "form.component-stub",
                  },
                  "suspense": null,
                  "suspenseId": 0,
                  "type": {
                    "model": undefined,
                    "name": "form.component",
                    "props": {
                      "buttonAction": {
                        "required": true,
                        "type": [Function],
                      },
                      "buttonLabel": {
                        "required": true,
                        "type": [Function],
                      },
                      "formGroupCollection": {
                        "required": true,
                        "type": [Function],
                      },
                      "header": {
                        "required": true,
                        "type": [Function],
                      },
                      "subHeader": {
                        "required": true,
                        "type": [Function],
                      },
                    },
                    "setup": [Function],
                  },
                  "u": null,
                  "uid": 6,
                  "um": null,
                  "update": [Function],
                  "vnode": [Circular],
                  "withProxy": null,
                },
                "ctx": [Circular],
                "dirs": null,
                "dynamicChildren": null,
                "dynamicProps": [
                  "form-group-collection",
                ],
                "el": <form.component-stub
                  buttonaction="[Function]"
                  buttonlabel="SignIn"
                  data-v-768bad0c=""
                  formgroupcollection="[object Object]"
                  header="E-Bookler"
                  subheader="Start monetizing your writting time!"
                />,
                "key": null,
                "patchFlag": 8,
                "props": {
                  "button-action": [Function],
                  "button-label": "SignIn",
                  "form-group-collection": [
                    {
                      "formFieldCollection": [
                        {
                          "placeholder": "Bookler Key...",
                          "type": "password",
                        },
                      ],
                      "name": "Account Information",
                    },
                  ],
                  "header": "E-Bookler",
                  "sub-header": "Start monetizing your writting time!",
                },
                "ref": null,
                "scopeId": "data-v-768bad0c",
                "shapeFlag": 4,
                "slotScopeIds": null,
                "ssContent": null,
                "ssFallback": null,
                "staticCount": 0,
                "suspense": null,
                "target": null,
                "targetAnchor": null,
                "transition": null,
                "type": {
                  "model": undefined,
                  "name": "form.component",
                  "props": {
                    "buttonAction": {
                      "required": true,
                      "type": [Function],
                    },
                    "buttonLabel": {
                      "required": true,
                      "type": [Function],
                    },
                    "formGroupCollection": {
                      "required": true,
                      "type": [Function],
                    },
                    "header": {
                      "required": true,
                      "type": [Function],
                    },
                    "subHeader": {
                      "required": true,
                      "type": [Function],
                    },
                  },
                  "setup": [Function],
                },
              },
              {
                "__v_isVNode": true,
                "__v_skip": true,
                "anchor": null,
                "appContext": null,
                "children": null,
                "component": {
                  "a": null,
                  "accessCache": {
                    "@@__IMMUTABLE_ITERABLE__@@": 0,
                    "@@__IMMUTABLE_RECORD__@@": 0,
                    "_isMockFunction": 0,
                    "constructor": 0,
                    "height": 3,
                    "toJSON": 0,
                    "width": 3,
                    Symbol(Symbol.toStringTag): 0,
                  },
                  "appContext": {
                    "app": [Circular],
                    "components": {
                      "transition": {
                        "name": "transition",
                      },
                      "transition-group": {
                        "name": "transition-group",
                      },
                    },
                    "config": {
                      "compilerOptions": {},
                      "errorHandler": undefined,
                      "globalProperties": {},
                      "isNativeTag": [Function],
                      "optionMergeStrategies": {},
                      "performance": false,
                      "warnHandler": undefined,
                    },
                    "directives": {},
                    "emitsCache": WeakMap {},
                    "mixins": [
                      {
                        "beforeCreate": [Function],
                      },
                    ],
                    "optionsCache": WeakMap {},
                    "propsCache": WeakMap {},
                    "provides": {},
                    "reload": [Function],
                  },
                  "asyncDep": null,
                  "asyncResolved": false,
                  "attrs": {},
                  "attrsProxy": {},
                  "bc": null,
                  "bm": null,
                  "bu": null,
                  "bum": null,
                  "c": null,
                  "components": null,
                  "ctx": {
                    "height": "0.05rem",
                    "width": "100%",
                  },
                  "da": null,
                  "data": {},
                  "directives": null,
                  "ec": null,
                  "effect": ReactiveEffect {
                    "active": true,
                    "allowRecurse": true,
                    "deps": [
                      Set {
                        [Circular],
                      },
                      Set {
                        [Circular],
                      },
                      Set {
                        [Circular],
                      },
                    ],
                    "fn": [Function],
                    "onTrack": undefined,
                    "onTrigger": undefined,
                    "parent": undefined,
                    "scheduler": [Function],
                  },
                  "emit": [Function],
                  "emitsOptions": null,
                  "emitted": null,
                  "exposeProxy": null,
                  "exposed": null,
                  "inheritAttrs": undefined,
                  "isDeactivated": false,
                  "isMounted": true,
                  "isUnmounted": false,
                  "m": null,
                  "next": null,
                  "parent": [Circular],
                  "props": {
                    "height": "0.05rem",
                    "width": "100%",
                  },
                  "propsDefaults": {},
                  "propsOptions": [
                    {
                      "height": {
                        "0": false,
                        "1": true,
                        "required": true,
                        "type": [Function],
                      },
                      "width": {
                        "0": false,
                        "1": true,
                        "required": true,
                        "type": [Function],
                      },
                    },
                    [],
                  ],
                  "provides": {},
                  "proxy": {
                    "height": "0.05rem",
                    "width": "100%",
                  },
                  "refs": {},
                  "render": [Function],
                  "renderCache": [],
                  "root": [Circular],
                  "rtc": null,
                  "rtg": null,
                  "scope": EffectScope {
                    "_active": true,
                    "cleanups": [],
                    "detached": true,
                    "effects": [
                      ReactiveEffect {
                        "active": true,
                        "allowRecurse": true,
                        "deps": [
                          Set {
                            [Circular],
                          },
                          Set {
                            [Circular],
                          },
                          Set {
                            [Circular],
                          },
                        ],
                        "fn": [Function],
                        "onTrack": undefined,
                        "onTrigger": undefined,
                        "parent": undefined,
                        "scheduler": [Function],
                      },
                    ],
                    "parent": undefined,
                  },
                  "setupContext": {
                    "attrs": {},
                    "emit": [Function],
                    "expose": [Function],
                    "slots": {},
                  },
                  "setupState": {},
                  "slots": {},
                  "slotsProxy": {},
                  "sp": null,
                  "subTree": {
                    "__v_isVNode": true,
                    "__v_skip": true,
                    "anchor": null,
                    "appContext": null,
                    "children": null,
                    "component": null,
                    "ctx": [Circular],
                    "dirs": null,
                    "dynamicChildren": null,
                    "dynamicProps": null,
                    "el": <divider.component-stub
                      data-v-768bad0c=""
                      height="0.05rem"
                      width="100%"
                    />,
                    "key": null,
                    "patchFlag": 0,
                    "props": {
                      "height": "0.05rem",
                      "width": "100%",
                    },
                    "ref": null,
                    "scopeId": null,
                    "shapeFlag": 1,
                    "slotScopeIds": null,
                    "ssContent": null,
                    "ssFallback": null,
                    "staticCount": 0,
                    "suspense": null,
                    "target": null,
                    "targetAnchor": null,
                    "transition": null,
                    "type": "divider.component-stub",
                  },
                  "suspense": null,
                  "suspenseId": 0,
                  "type": {
                    "model": undefined,
                    "name": "divider.component",
                    "props": {
                      "height": {
                        "required": true,
                        "type": [Function],
                      },
                      "width": {
                        "required": true,
                        "type": [Function],
                      },
                    },
                    "setup": [Function],
                  },
                  "u": null,
                  "uid": 7,
                  "um": null,
                  "update": [Function],
                  "vnode": [Circular],
                  "withProxy": null,
                },
                "ctx": [Circular],
                "dirs": null,
                "dynamicChildren": null,
                "dynamicProps": null,
                "el": <divider.component-stub
                  data-v-768bad0c=""
                  height="0.05rem"
                  width="100%"
                />,
                "key": null,
                "patchFlag": 0,
                "props": {
                  "height": "0.05rem",
                  "width": "100%",
                },
                "ref": null,
                "scopeId": "data-v-768bad0c",
                "shapeFlag": 4,
                "slotScopeIds": null,
                "ssContent": null,
                "ssFallback": null,
                "staticCount": 0,
                "suspense": null,
                "target": null,
                "targetAnchor": null,
                "transition": null,
                "type": {
                  "model": undefined,
                  "name": "divider.component",
                  "props": {
                    "height": {
                      "required": true,
                      "type": [Function],
                    },
                    "width": {
                      "required": true,
                      "type": [Function],
                    },
                  },
                  "setup": [Function],
                },
              },
            ],
            "dynamicProps": null,
            "el": <div
              class="container"
              data-v-768bad0c=""
            >
              <div
                class="container--inner"
                data-v-768bad0c=""
              >
                <form.component-stub
                  buttonaction="[Function]"
                  buttonlabel="SignIn"
                  data-v-768bad0c=""
                  formgroupcollection="[object Object]"
                  header="E-Bookler"
                  subheader="Start monetizing your writting time!"
                />
                <divider.component-stub
                  data-v-768bad0c=""
                  height="0.05rem"
                  width="100%"
                />
                <linkcomponent
                  content="Forgot your account data? Recover here!"
                  data-v-768bad0c=""
                />
                <linkcomponent
                  content="Forgot your account data? Recover here!"
                  data-v-768bad0c=""
                />
              </div>
            </div>,
            "key": null,
            "patchFlag": 0,
            "props": {
              "class": "container",
            },
            "ref": null,
            "scopeId": "data-v-768bad0c",
            "shapeFlag": 17,
            "slotScopeIds": null,
            "ssContent": null,
            "ssFallback": null,
            "staticCount": 0,
            "suspense": null,
            "target": null,
            "targetAnchor": null,
            "transition": null,
            "type": "div",
          },
          "suspense": null,
          "suspenseId": 0,
          "type": {
            "__file": "/Users/diogo.oliveira/Documents/@development/@meisi-thesis/application/frontend/src/pages/sign-in/sign-in.component.vue",
            "__name": "sign-in.component",
            "__scopeId": "data-v-768bad0c",
            "components": {},
            "render": [Function],
            "setup": [Function],
          },
          "u": null,
          "uid": 5,
          "um": null,
          "update": [Function],
          "vnode": [Circular],
          "withProxy": null,
        },
        "ctx": [Circular],
        "dirs": null,
        "dynamicChildren": null,
        "dynamicProps": null,
        "el": <div
          class="container"
          data-v-768bad0c=""
        >
          <div
            class="container--inner"
            data-v-768bad0c=""
          >
            <form.component-stub
              buttonaction="[Function]"
              buttonlabel="SignIn"
              data-v-768bad0c=""
              formgroupcollection="[object Object]"
              header="E-Bookler"
              subheader="Start monetizing your writting time!"
            />
            <divider.component-stub
              data-v-768bad0c=""
              height="0.05rem"
              width="100%"
            />
            <linkcomponent
              content="Forgot your account data? Recover here!"
              data-v-768bad0c=""
            />
            <linkcomponent
              content="Forgot your account data? Recover here!"
              data-v-768bad0c=""
            />
          </div>
        </div>,
        "key": null,
        "patchFlag": 0,
        "props": {
          "ref": "VTU_COMPONENT",
        },
        "ref": {
          "f": false,
          "i": [Circular],
          "k": undefined,
          "r": "VTU_COMPONENT",
        },
        "scopeId": null,
        "shapeFlag": 4,
        "slotScopeIds": null,
        "ssContent": null,
        "ssFallback": null,
        "staticCount": 0,
        "suspense": null,
        "target": null,
        "targetAnchor": null,
        "transition": null,
        "type": {
          "__file": "/Users/diogo.oliveira/Documents/@development/@meisi-thesis/application/frontend/src/pages/sign-in/sign-in.component.vue",
          "__name": "sign-in.component",
          "__scopeId": "data-v-768bad0c",
          "components": {},
          "render": [Function],
          "setup": [Function],
        },
      },
      "suspense": null,
      "suspenseId": 0,
      "type": {
        "name": "VTU_ROOT",
        "render": [Function],
        "setup": [Function],
      },
      "u": null,
      "uid": 4,
      "um": null,
      "update": [Function],
      "vnode": {
        "__v_isVNode": true,
        "__v_skip": true,
        "anchor": null,
        "appContext": {
          "app": [Circular],
          "components": {
            "transition": {
              "name": "transition",
            },
            "transition-group": {
              "name": "transition-group",
            },
          },
          "config": {
            "compilerOptions": {},
            "errorHandler": undefined,
            "globalProperties": {},
            "isNativeTag": [Function],
            "optionMergeStrategies": {},
            "performance": false,
            "warnHandler": undefined,
          },
          "directives": {},
          "emitsCache": WeakMap {},
          "mixins": [
            {
              "beforeCreate": [Function],
            },
          ],
          "optionsCache": WeakMap {},
          "propsCache": WeakMap {},
          "provides": {},
          "reload": [Function],
        },
        "children": null,
        "component": [Circular],
        "ctx": null,
        "dirs": null,
        "dynamicChildren": null,
        "dynamicProps": null,
        "el": <div
          class="container"
          data-v-768bad0c=""
        >
          <div
            class="container--inner"
            data-v-768bad0c=""
          >
            <form.component-stub
              buttonaction="[Function]"
              buttonlabel="SignIn"
              data-v-768bad0c=""
              formgroupcollection="[object Object]"
              header="E-Bookler"
              subheader="Start monetizing your writting time!"
            />
            <divider.component-stub
              data-v-768bad0c=""
              height="0.05rem"
              width="100%"
            />
            <linkcomponent
              content="Forgot your account data? Recover here!"
              data-v-768bad0c=""
            />
            <linkcomponent
              content="Forgot your account data? Recover here!"
              data-v-768bad0c=""
            />
          </div>
        </div>,
        "key": null,
        "patchFlag": 0,
        "props": null,
        "ref": null,
        "scopeId": null,
        "shapeFlag": 4,
        "slotScopeIds": null,
        "ssContent": null,
        "ssFallback": null,
        "staticCount": 0,
        "suspense": null,
        "target": null,
        "targetAnchor": null,
        "transition": null,
        "type": {
          "name": "VTU_ROOT",
          "render": [Function],
          "setup": [Function],
        },
      },
      "withProxy": null,
    },
    "_props": null,
    "_uid": 1,
    "component": [Function],
    "config": {
      "compilerOptions": {},
      "errorHandler": undefined,
      "globalProperties": {},
      "isNativeTag": [Function],
      "optionMergeStrategies": {},
      "performance": false,
      "warnHandler": undefined,
    },
    "directive": [Function],
    "mixin": [Function],
    "mount": [Function],
    "provide": [Function],
    "runWithContext": [Function],
    "unmount": [Function],
    "use": [Function],
    "version": "3.3.4",
  },
  "__setProps": [Function],
  "cleanUpCallbacks": [
    [Function],
    [Function],
    [Function],
    [Function],
    [Function],
    [Function],
    [Function],
    [Function],
    [Function],
    [Function],
    [Function],
    [Function],
    [Function],
    [Function],
    [Function],
    [Function],
    [Function],
    [Function],
    [Function],
    [Function],
    [Function],
    [Function],
    [Function],
    [Function],
    [Function],
    [Function],
    [Function],
    [Function],
    [Function],
    [Function],
    [Function],
    [Function],
    [Function],
    [Function],
    [Function],
    [Function],
    [Function],
    [Function],
    [Function],
    [Function],
    [Function],
    [Function],
    [Function],
    [Function],
    [Function],
    [Function],
    [Function],
    [Function],
    [Function],
    [Function],
    [Function],
    [Function],
    [Function],
    [Function],
    [Function],
    [Function],
    [Function],
    [Function],
    [Function],
    [Function],
    [Function],
    [Function],
    [Function],
    [Function],
    [Function],
    [Function],
    [Function],
    [Function],
    [Function],
    [Function],
    [Function],
    [Function],
    [Function],
    [Function],
    [Function],
    [Function],
    [Function],
    [Function],
    [Function],
    [Function],
    [Function],
    [Function],
    [Function],
    [Function],
    [Function],
    [Function],
    [Function],
    [Function],
    [Function],
    [Function],
    [Function],
    [Function],
    [Function],
    [Function],
    [Function],
    [Function],
    [Function],
    [Function],
    [Function],
    [Function],
    [Function],
    [Function],
    [Function],
    [Function],
    [Function],
    [Function],
    [Function],
    [Function],
    [Function],
    [Function],
    [Function],
    [Function],
    [Function],
    [Function],
    [Function],
    [Function],
    [Function],
    [Function],
    [Function],
    [Function],
    [Function],
    [Function],
    [Function],
    [Function],
    [Function],
    [Function],
    [Function],
    [Function],
    [Function],
    [Function],
    [Function],
    [Function],
    [Function],
    [Function],
    [Function],
    [Function],
    [Function],
    [Function],
    [Function],
    [Function],
    [Function],
    [Function],
    [Function],
    [Function],
    [Function],
    [Function],
    [Function],
    [Function],
    [Function],
    [Function],
    [Function],
    [Function],
    [Function],
    [Function],
    [Function],
    [Function],
    [Function],
    [Function],
    [Function],
    [Function],
    [Function],
    [Function],
    [Function],
    [Function],
    [Function],
    [Function],
    [Function],
    [Function],
    [Function],
    [Function],
    [Function],
    [Function],
  ],
  "componentVM": {},
  "isDisabled": [Function],
  "rootVM": {
    "VTU_COMPONENT": {},
  },
  "wrapperElement": <div
    class="container"
    data-v-768bad0c=""
  >
    <div
      class="container--inner"
      data-v-768bad0c=""
    >
      <form.component-stub
        buttonaction="[Function]"
        buttonlabel="SignIn"
        data-v-768bad0c=""
        formgroupcollection="[object Object]"
        header="E-Bookler"
        subheader="Start monetizing your writting time!"
      />
      <divider.component-stub
        data-v-768bad0c=""
        height="0.05rem"
        width="100%"
      />
      <linkcomponent
        content="Forgot your account data? Recover here!"
        data-v-768bad0c=""
      />
      <linkcomponent
        content="Forgot your account data? Recover here!"
        data-v-768bad0c=""
      />
    </div>
  </div>,
}
`;
